
Microchip PIC32 Memory-Usage Report

kseg0 Program-Memory Usage
section                    address  length [bytes]      (dec)  Description
-------                 ----------  -------------------------  -----------
      Total kseg0_program_mem used  :           0           0  <1% of 0x1000

kseg1 Boot-Memory Usage
section                    address  length [bytes]      (dec)  Description
-------                 ----------  -------------------------  -----------
         Total kseg1_boot_mem used  :           0           0  <1% of 0x490
        --------------------------------------------------------------------------
         Total Program Memory used  :           0           0  <1% of 0x1490
        --------------------------------------------------------------------------


kseg1 Data-Memory Usage
section                    address  length [bytes]      (dec)  Description
-------                 ----------  -------------------------  -----------
         Total kseg1_data_mem used  :           0           0  <1% of 0x1000
        --------------------------------------------------------------------------
            Total Data Memory used  :           0           0  <1% of 0x1000
        --------------------------------------------------------------------------


Dynamic Data-Memory Reservation
section                    address  length [bytes]      (dec)  Description
-------                 ----------  -------------------------  -----------
heap                    0xa0000008              0           0  Reserved for heap 
stack                   0xa0000020          0xfd8        4056  Reserved for stack 

        --------------------------------------------------------------------------

Discarded input sections

 .reginfo       0x00000000       0x18 C:\CSSP\CSSP_WORKSPACE\SK0_embarcados\bdp\..\\lang\dcc\SK0_embarcados\c_toolchain_1\build\kernel_app\link_to_kernel.o
 .debug_info    0x00000000      0x7c8 C:\CSSP\CSSP_WORKSPACE\SK0_embarcados\bdp\..\\lang\dcc\SK0_embarcados\c_toolchain_1\build\kernel_app\link_to_kernel.o
 .debug_abbrev  0x00000000       0xa9 C:\CSSP\CSSP_WORKSPACE\SK0_embarcados\bdp\..\\lang\dcc\SK0_embarcados\c_toolchain_1\build\kernel_app\link_to_kernel.o
 .debug_aranges
                0x00000000       0x18 C:\CSSP\CSSP_WORKSPACE\SK0_embarcados\bdp\..\\lang\dcc\SK0_embarcados\c_toolchain_1\build\kernel_app\link_to_kernel.o
 .debug_line    0x00000000      0x184 C:\CSSP\CSSP_WORKSPACE\SK0_embarcados\bdp\..\\lang\dcc\SK0_embarcados\c_toolchain_1\build\kernel_app\link_to_kernel.o
 .comment       0x00000000       0x3c C:\CSSP\CSSP_WORKSPACE\SK0_embarcados\bdp\..\\lang\dcc\SK0_embarcados\c_toolchain_1\build\kernel_app\link_to_kernel.o
 .reginfo       0x00000000       0x18 C:\CSSP\CSSP_WORKSPACE\SK0_embarcados\bdp\..\\lang\dcc\SK0_embarcados\c_toolchain_1\build\non_replicated\safety_variables.o
 .debug_info    0x00000000       0xfd C:\CSSP\CSSP_WORKSPACE\SK0_embarcados\bdp\..\\lang\dcc\SK0_embarcados\c_toolchain_1\build\non_replicated\safety_variables.o
 .debug_abbrev  0x00000000       0x2a C:\CSSP\CSSP_WORKSPACE\SK0_embarcados\bdp\..\\lang\dcc\SK0_embarcados\c_toolchain_1\build\non_replicated\safety_variables.o
 .debug_aranges
                0x00000000       0x20 C:\CSSP\CSSP_WORKSPACE\SK0_embarcados\bdp\..\\lang\dcc\SK0_embarcados\c_toolchain_1\build\non_replicated\safety_variables.o
 .debug_ranges  0x00000000       0x10 C:\CSSP\CSSP_WORKSPACE\SK0_embarcados\bdp\..\\lang\dcc\SK0_embarcados\c_toolchain_1\build\non_replicated\safety_variables.o
 .debug_line    0x00000000       0xa4 C:\CSSP\CSSP_WORKSPACE\SK0_embarcados\bdp\..\\lang\dcc\SK0_embarcados\c_toolchain_1\build\non_replicated\safety_variables.o
 .comment       0x00000000       0x3c C:\CSSP\CSSP_WORKSPACE\SK0_embarcados\bdp\..\\lang\dcc\SK0_embarcados\c_toolchain_1\build\non_replicated\safety_variables.o
 .debug_frame   0x00000000       0x2c C:\CSSP\CSSP_WORKSPACE\SK0_embarcados\bdp\..\\lang\dcc\SK0_embarcados\c_toolchain_1\build\non_replicated\safety_variables.o
 .reginfo       0x00000000       0x18 C:\CSSP\CSSP_WORKSPACE\SK0_embarcados\bdp\..\\lang\dcc\SK0_embarcados\c_toolchain_1\build\replica_2\c4b_constants.o
 .debug_info    0x00000000      0x3fa C:\CSSP\CSSP_WORKSPACE\SK0_embarcados\bdp\..\\lang\dcc\SK0_embarcados\c_toolchain_1\build\replica_2\c4b_constants.o
 .debug_abbrev  0x00000000       0x75 C:\CSSP\CSSP_WORKSPACE\SK0_embarcados\bdp\..\\lang\dcc\SK0_embarcados\c_toolchain_1\build\replica_2\c4b_constants.o
 .debug_aranges
                0x00000000       0x18 C:\CSSP\CSSP_WORKSPACE\SK0_embarcados\bdp\..\\lang\dcc\SK0_embarcados\c_toolchain_1\build\replica_2\c4b_constants.o
 .debug_line    0x00000000      0x10a C:\CSSP\CSSP_WORKSPACE\SK0_embarcados\bdp\..\\lang\dcc\SK0_embarcados\c_toolchain_1\build\replica_2\c4b_constants.o
 .comment       0x00000000       0x3c C:\CSSP\CSSP_WORKSPACE\SK0_embarcados\bdp\..\\lang\dcc\SK0_embarcados\c_toolchain_1\build\replica_2\c4b_constants.o
 .reginfo       0x00000000       0x18 C:\CSSP\CSSP_WORKSPACE\SK0_embarcados\bdp\..\\lang\dcc\SK0_embarcados\c_toolchain_1\build\replica_2\c4b_no_checked_variables.o
 .debug_info    0x00000000      0x1dd C:\CSSP\CSSP_WORKSPACE\SK0_embarcados\bdp\..\\lang\dcc\SK0_embarcados\c_toolchain_1\build\replica_2\c4b_no_checked_variables.o
 .debug_abbrev  0x00000000       0x44 C:\CSSP\CSSP_WORKSPACE\SK0_embarcados\bdp\..\\lang\dcc\SK0_embarcados\c_toolchain_1\build\replica_2\c4b_no_checked_variables.o
 .debug_aranges
                0x00000000       0x18 C:\CSSP\CSSP_WORKSPACE\SK0_embarcados\bdp\..\\lang\dcc\SK0_embarcados\c_toolchain_1\build\replica_2\c4b_no_checked_variables.o
 .debug_line    0x00000000       0xb7 C:\CSSP\CSSP_WORKSPACE\SK0_embarcados\bdp\..\\lang\dcc\SK0_embarcados\c_toolchain_1\build\replica_2\c4b_no_checked_variables.o
 .comment       0x00000000       0x3c C:\CSSP\CSSP_WORKSPACE\SK0_embarcados\bdp\..\\lang\dcc\SK0_embarcados\c_toolchain_1\build\replica_2\c4b_no_checked_variables.o
 .reginfo       0x00000000       0x18 C:\CSSP\CSSP_WORKSPACE\SK0_embarcados\bdp\..\\lang\dcc\SK0_embarcados\c_toolchain_1\build\replica_2\c4b_safety_variables.o
 .debug_info    0x00000000      0x2de C:\CSSP\CSSP_WORKSPACE\SK0_embarcados\bdp\..\\lang\dcc\SK0_embarcados\c_toolchain_1\build\replica_2\c4b_safety_variables.o
 .debug_abbrev  0x00000000       0x83 C:\CSSP\CSSP_WORKSPACE\SK0_embarcados\bdp\..\\lang\dcc\SK0_embarcados\c_toolchain_1\build\replica_2\c4b_safety_variables.o
 .debug_aranges
                0x00000000       0x18 C:\CSSP\CSSP_WORKSPACE\SK0_embarcados\bdp\..\\lang\dcc\SK0_embarcados\c_toolchain_1\build\replica_2\c4b_safety_variables.o
 .debug_line    0x00000000      0x118 C:\CSSP\CSSP_WORKSPACE\SK0_embarcados\bdp\..\\lang\dcc\SK0_embarcados\c_toolchain_1\build\replica_2\c4b_safety_variables.o
 .comment       0x00000000       0x3c C:\CSSP\CSSP_WORKSPACE\SK0_embarcados\bdp\..\\lang\dcc\SK0_embarcados\c_toolchain_1\build\replica_2\c4b_safety_variables.o
 .reginfo       0x00000000       0x18 C:\CSSP\CSSP_WORKSPACE\SK0_embarcados\bdp\..\\lang\dcc\SK0_embarcados\c_toolchain_1\build\replica_2\g_types_i.o
 .debug_info    0x00000000      0x19b C:\CSSP\CSSP_WORKSPACE\SK0_embarcados\bdp\..\\lang\dcc\SK0_embarcados\c_toolchain_1\build\replica_2\g_types_i.o
 .debug_abbrev  0x00000000       0x37 C:\CSSP\CSSP_WORKSPACE\SK0_embarcados\bdp\..\\lang\dcc\SK0_embarcados\c_toolchain_1\build\replica_2\g_types_i.o
 .debug_aranges
                0x00000000       0x20 C:\CSSP\CSSP_WORKSPACE\SK0_embarcados\bdp\..\\lang\dcc\SK0_embarcados\c_toolchain_1\build\replica_2\g_types_i.o
 .debug_ranges  0x00000000       0x10 C:\CSSP\CSSP_WORKSPACE\SK0_embarcados\bdp\..\\lang\dcc\SK0_embarcados\c_toolchain_1\build\replica_2\g_types_i.o
 .debug_line    0x00000000       0x9b C:\CSSP\CSSP_WORKSPACE\SK0_embarcados\bdp\..\\lang\dcc\SK0_embarcados\c_toolchain_1\build\replica_2\g_types_i.o
 .comment       0x00000000       0x3c C:\CSSP\CSSP_WORKSPACE\SK0_embarcados\bdp\..\\lang\dcc\SK0_embarcados\c_toolchain_1\build\replica_2\g_types_i.o
 .debug_frame   0x00000000       0x30 C:\CSSP\CSSP_WORKSPACE\SK0_embarcados\bdp\..\\lang\dcc\SK0_embarcados\c_toolchain_1\build\replica_2\g_types_i.o
 .reginfo       0x00000000       0x18 C:\CSSP\CSSP_WORKSPACE\SK0_embarcados\bdp\..\\lang\dcc\SK0_embarcados\c_toolchain_1\build\replica_2\inputs_i.o
 .debug_info    0x00000000      0x3b5 C:\CSSP\CSSP_WORKSPACE\SK0_embarcados\bdp\..\\lang\dcc\SK0_embarcados\c_toolchain_1\build\replica_2\inputs_i.o
 .debug_abbrev  0x00000000       0xeb C:\CSSP\CSSP_WORKSPACE\SK0_embarcados\bdp\..\\lang\dcc\SK0_embarcados\c_toolchain_1\build\replica_2\inputs_i.o
 .debug_aranges
                0x00000000       0x40 C:\CSSP\CSSP_WORKSPACE\SK0_embarcados\bdp\..\\lang\dcc\SK0_embarcados\c_toolchain_1\build\replica_2\inputs_i.o
 .debug_ranges  0x00000000       0x30 C:\CSSP\CSSP_WORKSPACE\SK0_embarcados\bdp\..\\lang\dcc\SK0_embarcados\c_toolchain_1\build\replica_2\inputs_i.o
 .debug_line    0x00000000      0x139 C:\CSSP\CSSP_WORKSPACE\SK0_embarcados\bdp\..\\lang\dcc\SK0_embarcados\c_toolchain_1\build\replica_2\inputs_i.o
 .comment       0x00000000       0x3c C:\CSSP\CSSP_WORKSPACE\SK0_embarcados\bdp\..\\lang\dcc\SK0_embarcados\c_toolchain_1\build\replica_2\inputs_i.o
 .debug_frame   0x00000000       0xa4 C:\CSSP\CSSP_WORKSPACE\SK0_embarcados\bdp\..\\lang\dcc\SK0_embarcados\c_toolchain_1\build\replica_2\inputs_i.o
 .reginfo       0x00000000       0x18 C:\CSSP\CSSP_WORKSPACE\SK0_embarcados\bdp\..\\lang\dcc\SK0_embarcados\c_toolchain_1\build\replica_2\logic_i.o
 .debug_info    0x00000000      0x3c0 C:\CSSP\CSSP_WORKSPACE\SK0_embarcados\bdp\..\\lang\dcc\SK0_embarcados\c_toolchain_1\build\replica_2\logic_i.o
 .debug_abbrev  0x00000000      0x105 C:\CSSP\CSSP_WORKSPACE\SK0_embarcados\bdp\..\\lang\dcc\SK0_embarcados\c_toolchain_1\build\replica_2\logic_i.o
 .debug_aranges
                0x00000000       0x38 C:\CSSP\CSSP_WORKSPACE\SK0_embarcados\bdp\..\\lang\dcc\SK0_embarcados\c_toolchain_1\build\replica_2\logic_i.o
 .debug_ranges  0x00000000       0x28 C:\CSSP\CSSP_WORKSPACE\SK0_embarcados\bdp\..\\lang\dcc\SK0_embarcados\c_toolchain_1\build\replica_2\logic_i.o
 .debug_line    0x00000000      0x138 C:\CSSP\CSSP_WORKSPACE\SK0_embarcados\bdp\..\\lang\dcc\SK0_embarcados\c_toolchain_1\build\replica_2\logic_i.o
 .comment       0x00000000       0x3c C:\CSSP\CSSP_WORKSPACE\SK0_embarcados\bdp\..\\lang\dcc\SK0_embarcados\c_toolchain_1\build\replica_2\logic_i.o
 .debug_frame   0x00000000       0x84 C:\CSSP\CSSP_WORKSPACE\SK0_embarcados\bdp\..\\lang\dcc\SK0_embarcados\c_toolchain_1\build\replica_2\logic_i.o
 .reginfo       0x00000000       0x18 C:\CSSP\CSSP_WORKSPACE\SK0_embarcados\bdp\..\\lang\dcc\SK0_embarcados\c_toolchain_1\build\replica_2\outputs_i.o
 .debug_info    0x00000000      0x1d7 C:\CSSP\CSSP_WORKSPACE\SK0_embarcados\bdp\..\\lang\dcc\SK0_embarcados\c_toolchain_1\build\replica_2\outputs_i.o
 .debug_abbrev  0x00000000       0x6b C:\CSSP\CSSP_WORKSPACE\SK0_embarcados\bdp\..\\lang\dcc\SK0_embarcados\c_toolchain_1\build\replica_2\outputs_i.o
 .debug_aranges
                0x00000000       0x28 C:\CSSP\CSSP_WORKSPACE\SK0_embarcados\bdp\..\\lang\dcc\SK0_embarcados\c_toolchain_1\build\replica_2\outputs_i.o
 .debug_ranges  0x00000000       0x18 C:\CSSP\CSSP_WORKSPACE\SK0_embarcados\bdp\..\\lang\dcc\SK0_embarcados\c_toolchain_1\build\replica_2\outputs_i.o
 .debug_line    0x00000000      0x10c C:\CSSP\CSSP_WORKSPACE\SK0_embarcados\bdp\..\\lang\dcc\SK0_embarcados\c_toolchain_1\build\replica_2\outputs_i.o
 .comment       0x00000000       0x3c C:\CSSP\CSSP_WORKSPACE\SK0_embarcados\bdp\..\\lang\dcc\SK0_embarcados\c_toolchain_1\build\replica_2\outputs_i.o
 .debug_frame   0x00000000       0x4c C:\CSSP\CSSP_WORKSPACE\SK0_embarcados\bdp\..\\lang\dcc\SK0_embarcados\c_toolchain_1\build\replica_2\outputs_i.o
 .reginfo       0x00000000       0x18 C:\CSSP\CSSP_WORKSPACE\SK0_embarcados\bdp\..\\lang\dcc\SK0_embarcados\c_toolchain_1\build\replica_2\user_component_i.o
 .debug_info    0x00000000      0x37f C:\CSSP\CSSP_WORKSPACE\SK0_embarcados\bdp\..\\lang\dcc\SK0_embarcados\c_toolchain_1\build\replica_2\user_component_i.o
 .debug_abbrev  0x00000000       0xca C:\CSSP\CSSP_WORKSPACE\SK0_embarcados\bdp\..\\lang\dcc\SK0_embarcados\c_toolchain_1\build\replica_2\user_component_i.o
 .debug_aranges
                0x00000000       0x30 C:\CSSP\CSSP_WORKSPACE\SK0_embarcados\bdp\..\\lang\dcc\SK0_embarcados\c_toolchain_1\build\replica_2\user_component_i.o
 .debug_ranges  0x00000000       0x20 C:\CSSP\CSSP_WORKSPACE\SK0_embarcados\bdp\..\\lang\dcc\SK0_embarcados\c_toolchain_1\build\replica_2\user_component_i.o
 .debug_line    0x00000000      0x135 C:\CSSP\CSSP_WORKSPACE\SK0_embarcados\bdp\..\\lang\dcc\SK0_embarcados\c_toolchain_1\build\replica_2\user_component_i.o
 .comment       0x00000000       0x3c C:\CSSP\CSSP_WORKSPACE\SK0_embarcados\bdp\..\\lang\dcc\SK0_embarcados\c_toolchain_1\build\replica_2\user_component_i.o
 .debug_frame   0x00000000       0x6c C:\CSSP\CSSP_WORKSPACE\SK0_embarcados\bdp\..\\lang\dcc\SK0_embarcados\c_toolchain_1\build\replica_2\user_component_i.o
 .reginfo       0x00000000       0x18 C:\CSSP\CSSP_WORKSPACE\SK0_embarcados\bdp\..\\lang\dcc\SK0_embarcados\c_toolchain_1\build\replica_2\user_configuration_i.o
 .debug_info    0x00000000      0x1b1 C:\CSSP\CSSP_WORKSPACE\SK0_embarcados\bdp\..\\lang\dcc\SK0_embarcados\c_toolchain_1\build\replica_2\user_configuration_i.o
 .debug_abbrev  0x00000000       0x37 C:\CSSP\CSSP_WORKSPACE\SK0_embarcados\bdp\..\\lang\dcc\SK0_embarcados\c_toolchain_1\build\replica_2\user_configuration_i.o
 .debug_aranges
                0x00000000       0x20 C:\CSSP\CSSP_WORKSPACE\SK0_embarcados\bdp\..\\lang\dcc\SK0_embarcados\c_toolchain_1\build\replica_2\user_configuration_i.o
 .debug_ranges  0x00000000       0x10 C:\CSSP\CSSP_WORKSPACE\SK0_embarcados\bdp\..\\lang\dcc\SK0_embarcados\c_toolchain_1\build\replica_2\user_configuration_i.o
 .debug_line    0x00000000       0xa5 C:\CSSP\CSSP_WORKSPACE\SK0_embarcados\bdp\..\\lang\dcc\SK0_embarcados\c_toolchain_1\build\replica_2\user_configuration_i.o
 .comment       0x00000000       0x3c C:\CSSP\CSSP_WORKSPACE\SK0_embarcados\bdp\..\\lang\dcc\SK0_embarcados\c_toolchain_1\build\replica_2\user_configuration_i.o
 .debug_frame   0x00000000       0x2c C:\CSSP\CSSP_WORKSPACE\SK0_embarcados\bdp\..\\lang\dcc\SK0_embarcados\c_toolchain_1\build\replica_2\user_configuration_i.o
 .reginfo       0x00000000       0x18 C:\CSSP\CSSP_WORKSPACE\SK0_embarcados\bdp\..\\lang\dcc\SK0_embarcados\c_toolchain_1\build\replica_2\user_ctx_i.o
 .debug_info    0x00000000      0x19d C:\CSSP\CSSP_WORKSPACE\SK0_embarcados\bdp\..\\lang\dcc\SK0_embarcados\c_toolchain_1\build\replica_2\user_ctx_i.o
 .debug_abbrev  0x00000000       0x37 C:\CSSP\CSSP_WORKSPACE\SK0_embarcados\bdp\..\\lang\dcc\SK0_embarcados\c_toolchain_1\build\replica_2\user_ctx_i.o
 .debug_aranges
                0x00000000       0x20 C:\CSSP\CSSP_WORKSPACE\SK0_embarcados\bdp\..\\lang\dcc\SK0_embarcados\c_toolchain_1\build\replica_2\user_ctx_i.o
 .debug_ranges  0x00000000       0x10 C:\CSSP\CSSP_WORKSPACE\SK0_embarcados\bdp\..\\lang\dcc\SK0_embarcados\c_toolchain_1\build\replica_2\user_ctx_i.o
 .debug_line    0x00000000       0x9b C:\CSSP\CSSP_WORKSPACE\SK0_embarcados\bdp\..\\lang\dcc\SK0_embarcados\c_toolchain_1\build\replica_2\user_ctx_i.o
 .comment       0x00000000       0x3c C:\CSSP\CSSP_WORKSPACE\SK0_embarcados\bdp\..\\lang\dcc\SK0_embarcados\c_toolchain_1\build\replica_2\user_ctx_i.o
 .debug_frame   0x00000000       0x2c C:\CSSP\CSSP_WORKSPACE\SK0_embarcados\bdp\..\\lang\dcc\SK0_embarcados\c_toolchain_1\build\replica_2\user_ctx_i.o

Memory Configuration

Name             Origin             Length             Attributes
kseg1_boot_mem   0x9d001970         0x00000490
kseg0_program_mem 0x9d000000         0x00001000         xr
kseg1_data_mem   0xa0000000         0x00001000         w !x
kseg0_application_program_mem 0x9d019444         0x00064bbc         xr
kseg1_application_data_mem 0xa00083c4         0x00017c3c         w !x
*default*        0x00000000         0xffffffff

Linker script and memory map

LOAD C:\CSSP\CSSP_WORKSPACE\SK0_embarcados\bdp\..\\lang\dcc\SK0_embarcados\c_toolchain_1\build\kernel_app\link_to_kernel.o
LOAD C:\CSSP\CSSP_WORKSPACE\SK0_embarcados\bdp\..\\lang\dcc\SK0_embarcados\c_toolchain_1\build\non_replicated\safety_variables.o
LOAD C:\CSSP\CSSP_WORKSPACE\SK0_embarcados\bdp\..\\lang\dcc\SK0_embarcados\c_toolchain_1\build\replica_2\c4b_constants.o
LOAD C:\CSSP\CSSP_WORKSPACE\SK0_embarcados\bdp\..\\lang\dcc\SK0_embarcados\c_toolchain_1\build\replica_2\c4b_no_checked_variables.o
LOAD C:\CSSP\CSSP_WORKSPACE\SK0_embarcados\bdp\..\\lang\dcc\SK0_embarcados\c_toolchain_1\build\replica_2\c4b_safety_variables.o
LOAD C:\CSSP\CSSP_WORKSPACE\SK0_embarcados\bdp\..\\lang\dcc\SK0_embarcados\c_toolchain_1\build\replica_2\g_types_i.o
LOAD C:\CSSP\CSSP_WORKSPACE\SK0_embarcados\bdp\..\\lang\dcc\SK0_embarcados\c_toolchain_1\build\replica_2\inputs_i.o
LOAD C:\CSSP\CSSP_WORKSPACE\SK0_embarcados\bdp\..\\lang\dcc\SK0_embarcados\c_toolchain_1\build\replica_2\logic_i.o
LOAD C:\CSSP\CSSP_WORKSPACE\SK0_embarcados\bdp\..\\lang\dcc\SK0_embarcados\c_toolchain_1\build\replica_2\outputs_i.o
LOAD C:\CSSP\CSSP_WORKSPACE\SK0_embarcados\bdp\..\\lang\dcc\SK0_embarcados\c_toolchain_1\build\replica_2\user_component_i.o
LOAD C:\CSSP\CSSP_WORKSPACE\SK0_embarcados\bdp\..\\lang\dcc\SK0_embarcados\c_toolchain_1\build\replica_2\user_configuration_i.o
LOAD C:\CSSP\CSSP_WORKSPACE\SK0_embarcados\bdp\..\\lang\dcc\SK0_embarcados\c_toolchain_1\build\replica_2\user_ctx_i.o
                0x00000001                __MPLAB_BUILD = 0x1
                0x00000000                _min_heap_size = 0x0

/DISCARD/
 *(.debug_info)
 *(.debug_abbrev)
 *(.debug_aranges)
 *(.debug_line)
 *(.debug_frame)
 *(.debug_ranges)
 *(.comment)
 *(.reginfo)

.dinit          0x9d019444       0x10
                0x9d019444                _reset = .
 *(.dinit)
 .dinit         0x9d019444       0x10 data_init

.R_U_S_CST__USER_STRUCT_SAFETY_VARIABLES_SIZE_MINUS_1
                0x9d011f28        0x4
 *(.ru_s_cst__user_struct_safety_variables_size_minus_1)
 .ru_s_cst__user_struct_safety_variables_size_minus_1
                0x9d011f28        0x4 C:\CSSP\CSSP_WORKSPACE\SK0_embarcados\bdp\..\\lang\dcc\SK0_embarcados\c_toolchain_1\build\replica_2\c4b_constants.o
                0x9d011f28                struct_safety_variables_size_minus_1

.R_U_S_CST__MODULE_SECU_IDS
                0x9d011f2c        0x4
 *(.ru_s_cst__module_secu_ids)
 .ru_s_cst__module_secu_ids
                0x9d011f2c        0x4 C:\CSSP\CSSP_WORKSPACE\SK0_embarcados\bdp\..\\lang\dcc\SK0_embarcados\c_toolchain_1\build\kernel_app\link_to_kernel.o
                0x9d011f2c                r2__module_secu_ids_ptr

.R_U_S_CST__MODULE_NB_INPUTS
                0x9d011f30        0x4
 *(.ru_s_cst__module_nb_inputs)
 .ru_s_cst__module_nb_inputs
                0x9d011f30        0x4 C:\CSSP\CSSP_WORKSPACE\SK0_embarcados\bdp\..\\lang\dcc\SK0_embarcados\c_toolchain_1\build\kernel_app\link_to_kernel.o
                0x9d011f30                r2__module_nb_inputs_ptr

.R_U_S_CST__MODULE_NB_OUTPUTS
                0x9d011f34        0x4
 *(.ru_s_cst__module_nb_outputs)
 .ru_s_cst__module_nb_outputs
                0x9d011f34        0x4 C:\CSSP\CSSP_WORKSPACE\SK0_embarcados\bdp\..\\lang\dcc\SK0_embarcados\c_toolchain_1\build\kernel_app\link_to_kernel.o
                0x9d011f34                r2__module_nb_outputs_ptr

.R_U_S_CST__INPUT_MODULE_IDS
                0x9d011f38        0x4
 *(.ru_s_cst__input_module_ids)
 .ru_s_cst__input_module_ids
                0x9d011f38        0x4 C:\CSSP\CSSP_WORKSPACE\SK0_embarcados\bdp\..\\lang\dcc\SK0_embarcados\c_toolchain_1\build\kernel_app\link_to_kernel.o
                0x9d011f38                r2__input_module_ids_ptr

.R_U_S_CST__INPUT_LOCAL_IDS
                0x9d011f3c        0x4
 *(.ru_s_cst__input_local_ids)
 .ru_s_cst__input_local_ids
                0x9d011f3c        0x4 C:\CSSP\CSSP_WORKSPACE\SK0_embarcados\bdp\..\\lang\dcc\SK0_embarcados\c_toolchain_1\build\kernel_app\link_to_kernel.o
                0x9d011f3c                r2__input_local_ids_ptr

.R_U_S_CST__OUTPUT_MODULE_IDS
                0x9d011f40        0x4
 *(.ru_s_cst__output_module_ids)
 .ru_s_cst__output_module_ids
                0x9d011f40        0x4 C:\CSSP\CSSP_WORKSPACE\SK0_embarcados\bdp\..\\lang\dcc\SK0_embarcados\c_toolchain_1\build\kernel_app\link_to_kernel.o
                0x9d011f40                r2__output_module_ids_ptr

.R_U_S_CST__OUTPUT_LOCAL_IDS
                0x9d011f44        0x4
 *(.ru_s_cst__output_local_ids)
 .ru_s_cst__output_local_ids
                0x9d011f44        0x4 C:\CSSP\CSSP_WORKSPACE\SK0_embarcados\bdp\..\\lang\dcc\SK0_embarcados\c_toolchain_1\build\kernel_app\link_to_kernel.o
                0x9d011f44                r2__output_local_ids_ptr

.R_U_S_CST__NB_MODULES
                0x9d011f48        0x4
 *(.ru_s_cst__NB_MODULES)
 .ru_s_cst__NB_MODULES
                0x9d011f48        0x4 C:\CSSP\CSSP_WORKSPACE\SK0_embarcados\bdp\..\\lang\dcc\SK0_embarcados\c_toolchain_1\build\kernel_app\link_to_kernel.o
                0x9d011f48                r2__NB_MODULES_ptr

.R_U_S_CST__NB_INPUTS
                0x9d011f4c        0x4
 *(.ru_s_cst__NB_INPUTS)
 .ru_s_cst__NB_INPUTS
                0x9d011f4c        0x4 C:\CSSP\CSSP_WORKSPACE\SK0_embarcados\bdp\..\\lang\dcc\SK0_embarcados\c_toolchain_1\build\kernel_app\link_to_kernel.o
                0x9d011f4c                r2__NB_INPUTS_ptr

.R_U_S_CST__NB_OUTPUTS
                0x9d011f50        0x4
 *(.ru_s_cst__NB_OUTPUTS)
 .ru_s_cst__NB_OUTPUTS
                0x9d011f50        0x4 C:\CSSP\CSSP_WORKSPACE\SK0_embarcados\bdp\..\\lang\dcc\SK0_embarcados\c_toolchain_1\build\kernel_app\link_to_kernel.o
                0x9d011f50                r2__NB_OUTPUTS_ptr

.R2_U_PTR__user_component__initialisation
                0x9d011f78        0x4
 *(.r2_u_ptr__user_component__initialisation_ptr)
 .r2_u_ptr__user_component__initialisation_ptr
                0x9d011f78        0x4 C:\CSSP\CSSP_WORKSPACE\SK0_embarcados\bdp\..\\lang\dcc\SK0_embarcados\c_toolchain_1\build\kernel_app\link_to_kernel.o
                0x9d011f78                r2__user_component__initialisation_ptr

.R2_U_PTR__user_app
                0x9d011f7c        0x4
 *(.r2_u_ptr__user_app_ptr)
 .r2_u_ptr__user_app_ptr
                0x9d011f7c        0x4 C:\CSSP\CSSP_WORKSPACE\SK0_embarcados\bdp\..\\lang\dcc\SK0_embarcados\c_toolchain_1\build\kernel_app\link_to_kernel.o
                0x9d011f7c                r2__user_app_ptr

.R2_U_PTR__user_consistency_error_detection_test
                0x9d011f80        0x4
 *(.r2_u_ptr__user_consistency_error_detection_test_ptr)
 .r2_u_ptr__user_consistency_error_detection_test_ptr
                0x9d011f80        0x4 C:\CSSP\CSSP_WORKSPACE\SK0_embarcados\bdp\..\\lang\dcc\SK0_embarcados\c_toolchain_1\build\kernel_app\link_to_kernel.o
                0x9d011f80                r2__user_consistency_error_detection_test_ptr

.R2_U_PTR__user_configuration__initialisation
                0x9d011f6c        0x4
 *(.r2_u_ptr__user_configuration__initialisation_ptr)
 .r2_u_ptr__user_configuration__initialisation_ptr
                0x9d011f6c        0x4 C:\CSSP\CSSP_WORKSPACE\SK0_embarcados\bdp\..\\lang\dcc\SK0_embarcados\c_toolchain_1\build\kernel_app\link_to_kernel.o
                0x9d011f6c                r2__user_configuration__initialisation_ptr

.R2_U_PTR__user_safety_variables__initialisation
                0x9d011f70        0x4
 *(.r2_u_ptr__user_safety_variables__initialisation_ptr)
 .r2_u_ptr__user_safety_variables__initialisation_ptr
                0x9d011f70        0x4 C:\CSSP\CSSP_WORKSPACE\SK0_embarcados\bdp\..\\lang\dcc\SK0_embarcados\c_toolchain_1\build\kernel_app\link_to_kernel.o
                0x9d011f70                r2__user_safety_variables__initialisation_ptr

.R2_U_PTR__user_safety_variables_array
                0x9d011f74        0x4
 *(.r2_u_ptr__user_safety_variables_array_ptr)
 .r2_u_ptr__user_safety_variables_array_ptr
                0x9d011f74        0x4 C:\CSSP\CSSP_WORKSPACE\SK0_embarcados\bdp\..\\lang\dcc\SK0_embarcados\c_toolchain_1\build\kernel_app\link_to_kernel.o
                0x9d011f74                r2__user_safety_variables_array_ptr

.NR_S_CST       0x9d019454        0x0
 *(.nr_s_cst)
 *(.nr_s_cst.*)
                0x9d019454                . = ALIGN (0x4)

.NR_NS_CST      0x9d019454        0x0
 *(.nr_ns_cst)
 *(.nr_ns_cst.*)
                0x9d019454                . = ALIGN (0x4)

.NR_S_FN        0x9d019454       0x20
 *(.nr_s_fn)
 .nr_s_fn       0x9d019454       0x20 C:\CSSP\CSSP_WORKSPACE\SK0_embarcados\bdp\..\\lang\dcc\SK0_embarcados\c_toolchain_1\build\non_replicated\safety_variables.o
                0x9d019454                safety_variables__initialisation
 *(.nr_s_fn.*)
                0x9d019474                . = ALIGN (0x4)

.NR_NS_FN       0x9d019474        0x0
 *(.nr_ns_fn)
 *(.nr_ns_fn.*)
                0x9d019474                . = ALIGN (0x4)
                0x9d019474                _end_section = .

.NR_S_VAR       0xa00083c4        0x0
 *(.nr_s_var)
 *(.nr_s_var.*)
                0xa00083c4                . = ALIGN (0x4)

.NR_NS_VAR      0xa00083c4        0x0
 *(.nr_ns_var)
 *(.nr_ns_var.*)
                0xa00083c4                . = ALIGN (0x4)

.R_CST          0x9d019474       0x24
                0x9d019478                . = ALIGN (0x8)
 *fill*         0x9d019474        0x4 
 *(.r_cst)
 .r_cst         0x9d019478       0x20 C:\CSSP\CSSP_WORKSPACE\SK0_embarcados\bdp\..\\lang\dcc\SK0_embarcados\c_toolchain_1\build\replica_2\c4b_constants.o
                0x9d019478                global_constants
 *(.r_cst.*)
                0x9d019498                . = ALIGN (0x8)

.R2_CST         0x9d019498        0x0
 *(.r2_cst)
 *(.r2_cst.*)
                0x9d019498                . = ALIGN (0x8)

.R2_FN          0x9d019498      0x510
 *(.r2_fn)
 .r2_fn         0x9d019498       0x38 C:\CSSP\CSSP_WORKSPACE\SK0_embarcados\bdp\..\\lang\dcc\SK0_embarcados\c_toolchain_1\build\replica_2\g_types_i.o
                0x9d019498                g_types__initialisation
 .r2_fn         0x9d0194d0      0x184 C:\CSSP\CSSP_WORKSPACE\SK0_embarcados\bdp\..\\lang\dcc\SK0_embarcados\c_toolchain_1\build\replica_2\inputs_i.o
                0x9d0194d0                inputs__initialisation
                0x9d019534                read_inputs
                0x9d0195b0                get_board_0_I1
                0x9d0195e4                get_board_0_I2
                0x9d01961c                get_board_0_I3
 .r2_fn         0x9d019654      0x190 C:\CSSP\CSSP_WORKSPACE\SK0_embarcados\bdp\..\\lang\dcc\SK0_embarcados\c_toolchain_1\build\replica_2\logic_i.o
                0x9d019654                logic__initialisation
                0x9d0196a4                user_logic
                0x9d019774                get_board_0_O1
                0x9d0197ac                get_board_0_O2
 .r2_fn         0x9d0197e4       0xa8 C:\CSSP\CSSP_WORKSPACE\SK0_embarcados\bdp\..\\lang\dcc\SK0_embarcados\c_toolchain_1\build\replica_2\outputs_i.o
                0x9d0197e4                outputs__initialisation
                0x9d019804                write_outputs
 .r2_fn         0x9d01988c       0xd8 C:\CSSP\CSSP_WORKSPACE\SK0_embarcados\bdp\..\\lang\dcc\SK0_embarcados\c_toolchain_1\build\replica_2\user_component_i.o
                0x9d01988c                user_component__initialisation
                0x9d0198e0                user_app
                0x9d01992c                user_consistency_error_detection_test
 .r2_fn         0x9d019964       0x20 C:\CSSP\CSSP_WORKSPACE\SK0_embarcados\bdp\..\\lang\dcc\SK0_embarcados\c_toolchain_1\build\replica_2\user_configuration_i.o
                0x9d019964                user_configuration__initialisation
 .r2_fn         0x9d019984       0x20 C:\CSSP\CSSP_WORKSPACE\SK0_embarcados\bdp\..\\lang\dcc\SK0_embarcados\c_toolchain_1\build\replica_2\user_ctx_i.o
                0x9d019984                user_ctx__initialisation
 *(.r2_fn.*)
                0x9d0199a8                . = ALIGN (0x8)
 *fill*         0x9d0199a4        0x4 

.R2_CHK_VAR     0xa00083c4        0xc
 *(.r2_chk_var)
 .r2_chk_var    0xa00083c4        0x8 C:\CSSP\CSSP_WORKSPACE\SK0_embarcados\bdp\..\\lang\dcc\SK0_embarcados\c_toolchain_1\build\replica_2\c4b_safety_variables.o
                0xa00083c4                safety_variables
 *(.r2_chk_var.*)
                0xa00083d0                . = ALIGN (0x8)
 *fill*         0xa00083cc        0x4 

.R2_NCHK_VAR    0xa00083d0        0x0
 *(.r2_nchk_var)
 .r2_nchk_var   0xa00083d0        0x0 C:\CSSP\CSSP_WORKSPACE\SK0_embarcados\bdp\..\\lang\dcc\SK0_embarcados\c_toolchain_1\build\replica_2\c4b_no_checked_variables.o
                0xa00083d0                no_checked_variables
 *(.r2_nchk_var.*)
                0xa00083d0                . = ALIGN (0x8)

.R1_CST         0x9d0199a8        0x0
 *(.r1_cst)
 *(.r1_cst.*)
                0x9d0199a8                . = ALIGN (0x8)

.R1_FN          0x9d0199a8    0x64658
                0x9d07e000                _end_r1_fn = (ORIGIN (kseg0_application_program_mem) + 0x64bbc)
                [0x9d07e000]                _end_r1_fn = (_end_r1_fn - 0x0)
                0x9d07e000                . = _end_r1_fn
 *fill*         0x9d0199a8    0x64658 

.R1_CHK_VAR     0xa00083d0       0x10
                0xa00083dc                . = (. + SIZEOF (.R2_CHK_VAR))
 *fill*         0xa00083d0        0xc 
                0xa00083e0                . = ALIGN (0x8)
 *fill*         0xa00083dc        0x4 

.R1_NCHK_VAR    0xa00083e0        0x0
                0xa00083e0                . = (. + SIZEOF (.R2_NCHK_VAR))
                0xa00083e0                . = ALIGN (0x8)

.FREE_FLASH_SPACE
                0x9d07e000        0x0
                0x9d07e000                _end_flash_space = (ORIGIN (kseg0_application_program_mem) + 0x64bbc)
                0x9d07e000                . = _end_flash_space
                0x9d07e000                . = ALIGN (0x8)

.FREE_RAM_SPACE
                0xa00083e0    0x17c20
                0xa0020000                _end_ram_space = (ORIGIN (kseg1_application_data_mem) + 0x17c3c)
                0xa0020000                . = _end_ram_space
 *fill*         0xa00083e0    0x17c20 
LOAD c:/cssp/atelier_b_cssp_4.6.0-rc7/dcc_package_win/tools_win/c2hex/pic32-tools/bin/bin/../../lib/gcc/pic32mx/4.8.3\libgcc.a
START GROUP
LOAD c:/cssp/atelier_b_cssp_4.6.0-rc7/dcc_package_win/tools_win/c2hex/pic32-tools/bin/bin/../../lib/gcc/pic32mx/4.8.3/../../../../pic32mx/lib\libc.a
LOAD c:/cssp/atelier_b_cssp_4.6.0-rc7/dcc_package_win/tools_win/c2hex/pic32-tools/bin/bin/../../lib/gcc/pic32mx/4.8.3/../../../../pic32mx/lib\libsupc++.a
LOAD c:/cssp/atelier_b_cssp_4.6.0-rc7/dcc_package_win/tools_win/c2hex/pic32-tools/bin/bin/../../lib/gcc/pic32mx/4.8.3/../../../../pic32mx/lib\libpic32.a
LOAD c:/cssp/atelier_b_cssp_4.6.0-rc7/dcc_package_win/tools_win/c2hex/pic32-tools/bin/bin/../../lib/gcc/pic32mx/4.8.3\libgcc.a
LOAD c:/cssp/atelier_b_cssp_4.6.0-rc7/dcc_package_win/tools_win/c2hex/pic32-tools/bin/bin/../../lib/gcc/pic32mx/4.8.3/../../../../pic32mx/lib\libm.a
END GROUP
LOAD c:/cssp/atelier_b_cssp_4.6.0-rc7/dcc_package_win/tools_win/c2hex/pic32-tools/bin/bin/../../lib/gcc/pic32mx/4.8.3\libgcc.a
OUTPUT(C:\CSSP\CSSP_WORKSPACE\SK0_embarcados\bdp\..\\lang\dcc\SK0_embarcados\c_toolchain_1\release/c_toolchain_1.elf elf32-tradlittlemips)
LOAD stack
LOAD data_init

.debug_str      0x00000000        0x0
 .debug_str     0x00000000        0x0 C:\CSSP\CSSP_WORKSPACE\SK0_embarcados\bdp\..\\lang\dcc\SK0_embarcados\c_toolchain_1\build\kernel_app\link_to_kernel.o
 .debug_str     0x00000000        0x0 C:\CSSP\CSSP_WORKSPACE\SK0_embarcados\bdp\..\\lang\dcc\SK0_embarcados\c_toolchain_1\build\non_replicated\safety_variables.o
 .debug_str     0x00000000        0x0 C:\CSSP\CSSP_WORKSPACE\SK0_embarcados\bdp\..\\lang\dcc\SK0_embarcados\c_toolchain_1\build\replica_2\c4b_constants.o
 .debug_str     0x00000000        0x0 C:\CSSP\CSSP_WORKSPACE\SK0_embarcados\bdp\..\\lang\dcc\SK0_embarcados\c_toolchain_1\build\replica_2\c4b_no_checked_variables.o
 .debug_str     0x00000000        0x0 C:\CSSP\CSSP_WORKSPACE\SK0_embarcados\bdp\..\\lang\dcc\SK0_embarcados\c_toolchain_1\build\replica_2\c4b_safety_variables.o
 .debug_str     0x00000000        0x0 C:\CSSP\CSSP_WORKSPACE\SK0_embarcados\bdp\..\\lang\dcc\SK0_embarcados\c_toolchain_1\build\replica_2\g_types_i.o
 .debug_str     0x00000000        0x0 C:\CSSP\CSSP_WORKSPACE\SK0_embarcados\bdp\..\\lang\dcc\SK0_embarcados\c_toolchain_1\build\replica_2\inputs_i.o
 .debug_str     0x00000000        0x0 C:\CSSP\CSSP_WORKSPACE\SK0_embarcados\bdp\..\\lang\dcc\SK0_embarcados\c_toolchain_1\build\replica_2\logic_i.o
 .debug_str     0x00000000        0x0 C:\CSSP\CSSP_WORKSPACE\SK0_embarcados\bdp\..\\lang\dcc\SK0_embarcados\c_toolchain_1\build\replica_2\outputs_i.o
 .debug_str     0x00000000        0x0 C:\CSSP\CSSP_WORKSPACE\SK0_embarcados\bdp\..\\lang\dcc\SK0_embarcados\c_toolchain_1\build\replica_2\user_component_i.o
 .debug_str     0x00000000        0x0 C:\CSSP\CSSP_WORKSPACE\SK0_embarcados\bdp\..\\lang\dcc\SK0_embarcados\c_toolchain_1\build\replica_2\user_configuration_i.o
 .debug_str     0x00000000        0x0 C:\CSSP\CSSP_WORKSPACE\SK0_embarcados\bdp\..\\lang\dcc\SK0_embarcados\c_toolchain_1\build\replica_2\user_ctx_i.o

.gnu.attributes
                0x00000000       0x10
 .gnu.attributes
                0x00000000       0x10 C:\CSSP\CSSP_WORKSPACE\SK0_embarcados\bdp\..\\lang\dcc\SK0_embarcados\c_toolchain_1\build\kernel_app\link_to_kernel.o
 .gnu.attributes
                0x00000010       0x10 C:\CSSP\CSSP_WORKSPACE\SK0_embarcados\bdp\..\\lang\dcc\SK0_embarcados\c_toolchain_1\build\non_replicated\safety_variables.o
 .gnu.attributes
                0x00000020       0x10 C:\CSSP\CSSP_WORKSPACE\SK0_embarcados\bdp\..\\lang\dcc\SK0_embarcados\c_toolchain_1\build\replica_2\c4b_constants.o
 .gnu.attributes
                0x00000030       0x10 C:\CSSP\CSSP_WORKSPACE\SK0_embarcados\bdp\..\\lang\dcc\SK0_embarcados\c_toolchain_1\build\replica_2\c4b_no_checked_variables.o
 .gnu.attributes
                0x00000040       0x10 C:\CSSP\CSSP_WORKSPACE\SK0_embarcados\bdp\..\\lang\dcc\SK0_embarcados\c_toolchain_1\build\replica_2\c4b_safety_variables.o
 .gnu.attributes
                0x00000050       0x10 C:\CSSP\CSSP_WORKSPACE\SK0_embarcados\bdp\..\\lang\dcc\SK0_embarcados\c_toolchain_1\build\replica_2\g_types_i.o
 .gnu.attributes
                0x00000060       0x10 C:\CSSP\CSSP_WORKSPACE\SK0_embarcados\bdp\..\\lang\dcc\SK0_embarcados\c_toolchain_1\build\replica_2\inputs_i.o
 .gnu.attributes
                0x00000070       0x10 C:\CSSP\CSSP_WORKSPACE\SK0_embarcados\bdp\..\\lang\dcc\SK0_embarcados\c_toolchain_1\build\replica_2\logic_i.o
 .gnu.attributes
                0x00000080       0x10 C:\CSSP\CSSP_WORKSPACE\SK0_embarcados\bdp\..\\lang\dcc\SK0_embarcados\c_toolchain_1\build\replica_2\outputs_i.o
 .gnu.attributes
                0x00000090       0x10 C:\CSSP\CSSP_WORKSPACE\SK0_embarcados\bdp\..\\lang\dcc\SK0_embarcados\c_toolchain_1\build\replica_2\user_component_i.o
 .gnu.attributes
                0x000000a0       0x10 C:\CSSP\CSSP_WORKSPACE\SK0_embarcados\bdp\..\\lang\dcc\SK0_embarcados\c_toolchain_1\build\replica_2\user_configuration_i.o
 .gnu.attributes
                0x000000b0       0x10 C:\CSSP\CSSP_WORKSPACE\SK0_embarcados\bdp\..\\lang\dcc\SK0_embarcados\c_toolchain_1\build\replica_2\user_ctx_i.o

.stack          0xa0000020       0x10
 .stack         0xa0000020       0x10 stack

.mdebug.abi32   0x00000000        0x0
 .mdebug.abi32  0x00000000        0x0 C:\CSSP\CSSP_WORKSPACE\SK0_embarcados\bdp\..\\lang\dcc\SK0_embarcados\c_toolchain_1\build\replica_2\user_ctx_i.o

.bss            0x00000000        0x0
 .bss           0x00000000        0x0 C:\CSSP\CSSP_WORKSPACE\SK0_embarcados\bdp\..\\lang\dcc\SK0_embarcados\c_toolchain_1\build\replica_2\user_ctx_i.o

.data           0x00000000        0x0
 .data          0x00000000        0x0 C:\CSSP\CSSP_WORKSPACE\SK0_embarcados\bdp\..\\lang\dcc\SK0_embarcados\c_toolchain_1\build\replica_2\user_ctx_i.o

.mdebug.abi32   0x00000000        0x0
 .mdebug.abi32  0x00000000        0x0 C:\CSSP\CSSP_WORKSPACE\SK0_embarcados\bdp\..\\lang\dcc\SK0_embarcados\c_toolchain_1\build\replica_2\user_configuration_i.o

.bss            0x00000000        0x0
 .bss           0x00000000        0x0 C:\CSSP\CSSP_WORKSPACE\SK0_embarcados\bdp\..\\lang\dcc\SK0_embarcados\c_toolchain_1\build\replica_2\user_configuration_i.o

.data           0x00000000        0x0
 .data          0x00000000        0x0 C:\CSSP\CSSP_WORKSPACE\SK0_embarcados\bdp\..\\lang\dcc\SK0_embarcados\c_toolchain_1\build\replica_2\user_configuration_i.o

.mdebug.abi32   0x00000000        0x0
 .mdebug.abi32  0x00000000        0x0 C:\CSSP\CSSP_WORKSPACE\SK0_embarcados\bdp\..\\lang\dcc\SK0_embarcados\c_toolchain_1\build\replica_2\user_component_i.o

.bss            0x00000000        0x0
 .bss           0x00000000        0x0 C:\CSSP\CSSP_WORKSPACE\SK0_embarcados\bdp\..\\lang\dcc\SK0_embarcados\c_toolchain_1\build\replica_2\user_component_i.o

.data           0x00000000        0x0
 .data          0x00000000        0x0 C:\CSSP\CSSP_WORKSPACE\SK0_embarcados\bdp\..\\lang\dcc\SK0_embarcados\c_toolchain_1\build\replica_2\user_component_i.o

.mdebug.abi32   0x00000000        0x0
 .mdebug.abi32  0x00000000        0x0 C:\CSSP\CSSP_WORKSPACE\SK0_embarcados\bdp\..\\lang\dcc\SK0_embarcados\c_toolchain_1\build\replica_2\outputs_i.o

.bss            0x00000000        0x0
 .bss           0x00000000        0x0 C:\CSSP\CSSP_WORKSPACE\SK0_embarcados\bdp\..\\lang\dcc\SK0_embarcados\c_toolchain_1\build\replica_2\outputs_i.o

.data           0x00000000        0x0
 .data          0x00000000        0x0 C:\CSSP\CSSP_WORKSPACE\SK0_embarcados\bdp\..\\lang\dcc\SK0_embarcados\c_toolchain_1\build\replica_2\outputs_i.o

.mdebug.abi32   0x00000000        0x0
 .mdebug.abi32  0x00000000        0x0 C:\CSSP\CSSP_WORKSPACE\SK0_embarcados\bdp\..\\lang\dcc\SK0_embarcados\c_toolchain_1\build\replica_2\logic_i.o

.bss            0x00000000        0x0
 .bss           0x00000000        0x0 C:\CSSP\CSSP_WORKSPACE\SK0_embarcados\bdp\..\\lang\dcc\SK0_embarcados\c_toolchain_1\build\replica_2\logic_i.o

.data           0x00000000        0x0
 .data          0x00000000        0x0 C:\CSSP\CSSP_WORKSPACE\SK0_embarcados\bdp\..\\lang\dcc\SK0_embarcados\c_toolchain_1\build\replica_2\logic_i.o

.mdebug.abi32   0x00000000        0x0
 .mdebug.abi32  0x00000000        0x0 C:\CSSP\CSSP_WORKSPACE\SK0_embarcados\bdp\..\\lang\dcc\SK0_embarcados\c_toolchain_1\build\replica_2\inputs_i.o

.bss            0x00000000        0x0
 .bss           0x00000000        0x0 C:\CSSP\CSSP_WORKSPACE\SK0_embarcados\bdp\..\\lang\dcc\SK0_embarcados\c_toolchain_1\build\replica_2\inputs_i.o

.data           0x00000000        0x0
 .data          0x00000000        0x0 C:\CSSP\CSSP_WORKSPACE\SK0_embarcados\bdp\..\\lang\dcc\SK0_embarcados\c_toolchain_1\build\replica_2\inputs_i.o

.mdebug.abi32   0x00000000        0x0
 .mdebug.abi32  0x00000000        0x0 C:\CSSP\CSSP_WORKSPACE\SK0_embarcados\bdp\..\\lang\dcc\SK0_embarcados\c_toolchain_1\build\replica_2\g_types_i.o

.bss            0x00000000        0x0
 .bss           0x00000000        0x0 C:\CSSP\CSSP_WORKSPACE\SK0_embarcados\bdp\..\\lang\dcc\SK0_embarcados\c_toolchain_1\build\replica_2\g_types_i.o

.data           0x00000000        0x0
 .data          0x00000000        0x0 C:\CSSP\CSSP_WORKSPACE\SK0_embarcados\bdp\..\\lang\dcc\SK0_embarcados\c_toolchain_1\build\replica_2\g_types_i.o

.mdebug.abi32   0x00000000        0x0
 .mdebug.abi32  0x00000000        0x0 C:\CSSP\CSSP_WORKSPACE\SK0_embarcados\bdp\..\\lang\dcc\SK0_embarcados\c_toolchain_1\build\replica_2\c4b_safety_variables.o

.bss            0x00000000        0x0
 .bss           0x00000000        0x0 C:\CSSP\CSSP_WORKSPACE\SK0_embarcados\bdp\..\\lang\dcc\SK0_embarcados\c_toolchain_1\build\replica_2\c4b_safety_variables.o

.data           0x00000000        0x0
 .data          0x00000000        0x0 C:\CSSP\CSSP_WORKSPACE\SK0_embarcados\bdp\..\\lang\dcc\SK0_embarcados\c_toolchain_1\build\replica_2\c4b_safety_variables.o

.mdebug.abi32   0x00000000        0x0
 .mdebug.abi32  0x00000000        0x0 C:\CSSP\CSSP_WORKSPACE\SK0_embarcados\bdp\..\\lang\dcc\SK0_embarcados\c_toolchain_1\build\replica_2\c4b_no_checked_variables.o

.bss            0x00000000        0x0
 .bss           0x00000000        0x0 C:\CSSP\CSSP_WORKSPACE\SK0_embarcados\bdp\..\\lang\dcc\SK0_embarcados\c_toolchain_1\build\replica_2\c4b_no_checked_variables.o

.data           0x00000000        0x0
 .data          0x00000000        0x0 C:\CSSP\CSSP_WORKSPACE\SK0_embarcados\bdp\..\\lang\dcc\SK0_embarcados\c_toolchain_1\build\replica_2\c4b_no_checked_variables.o

.mdebug.abi32   0x00000000        0x0
 .mdebug.abi32  0x00000000        0x0 C:\CSSP\CSSP_WORKSPACE\SK0_embarcados\bdp\..\\lang\dcc\SK0_embarcados\c_toolchain_1\build\replica_2\c4b_constants.o

.bss            0x00000000        0x0
 .bss           0x00000000        0x0 C:\CSSP\CSSP_WORKSPACE\SK0_embarcados\bdp\..\\lang\dcc\SK0_embarcados\c_toolchain_1\build\replica_2\c4b_constants.o

.data           0x00000000        0x0
 .data          0x00000000        0x0 C:\CSSP\CSSP_WORKSPACE\SK0_embarcados\bdp\..\\lang\dcc\SK0_embarcados\c_toolchain_1\build\replica_2\c4b_constants.o

.mdebug.abi32   0x00000000        0x0
 .mdebug.abi32  0x00000000        0x0 C:\CSSP\CSSP_WORKSPACE\SK0_embarcados\bdp\..\\lang\dcc\SK0_embarcados\c_toolchain_1\build\non_replicated\safety_variables.o

.bss            0x00000000        0x0
 .bss           0x00000000        0x0 C:\CSSP\CSSP_WORKSPACE\SK0_embarcados\bdp\..\\lang\dcc\SK0_embarcados\c_toolchain_1\build\non_replicated\safety_variables.o

.data           0x00000000        0x0
 .data          0x00000000        0x0 C:\CSSP\CSSP_WORKSPACE\SK0_embarcados\bdp\..\\lang\dcc\SK0_embarcados\c_toolchain_1\build\non_replicated\safety_variables.o

.mdebug.abi32   0x00000000        0x0
 .mdebug.abi32  0x00000000        0x0 C:\CSSP\CSSP_WORKSPACE\SK0_embarcados\bdp\..\\lang\dcc\SK0_embarcados\c_toolchain_1\build\kernel_app\link_to_kernel.o

.bss            0x00000000        0x0
 .bss           0x00000000        0x0 C:\CSSP\CSSP_WORKSPACE\SK0_embarcados\bdp\..\\lang\dcc\SK0_embarcados\c_toolchain_1\build\kernel_app\link_to_kernel.o

.data           0x00000000        0x0
 .data          0x00000000        0x0 C:\CSSP\CSSP_WORKSPACE\SK0_embarcados\bdp\..\\lang\dcc\SK0_embarcados\c_toolchain_1\build\kernel_app\link_to_kernel.o

.text           0x00000000        0x0
 .text          0x00000000        0x0 C:\CSSP\CSSP_WORKSPACE\SK0_embarcados\bdp\..\\lang\dcc\SK0_embarcados\c_toolchain_1\build\replica_2\user_ctx_i.o

.text           0x00000000        0x0
 .text          0x00000000        0x0 C:\CSSP\CSSP_WORKSPACE\SK0_embarcados\bdp\..\\lang\dcc\SK0_embarcados\c_toolchain_1\build\replica_2\user_configuration_i.o

.text           0x00000000        0x0
 .text          0x00000000        0x0 C:\CSSP\CSSP_WORKSPACE\SK0_embarcados\bdp\..\\lang\dcc\SK0_embarcados\c_toolchain_1\build\replica_2\user_component_i.o

.text           0x00000000        0x0
 .text          0x00000000        0x0 C:\CSSP\CSSP_WORKSPACE\SK0_embarcados\bdp\..\\lang\dcc\SK0_embarcados\c_toolchain_1\build\replica_2\outputs_i.o

.text           0x00000000        0x0
 .text          0x00000000        0x0 C:\CSSP\CSSP_WORKSPACE\SK0_embarcados\bdp\..\\lang\dcc\SK0_embarcados\c_toolchain_1\build\replica_2\logic_i.o

.text           0x00000000        0x0
 .text          0x00000000        0x0 C:\CSSP\CSSP_WORKSPACE\SK0_embarcados\bdp\..\\lang\dcc\SK0_embarcados\c_toolchain_1\build\replica_2\inputs_i.o

.text           0x00000000        0x0
 .text          0x00000000        0x0 C:\CSSP\CSSP_WORKSPACE\SK0_embarcados\bdp\..\\lang\dcc\SK0_embarcados\c_toolchain_1\build\replica_2\g_types_i.o

.text           0x00000000        0x0
 .text          0x00000000        0x0 C:\CSSP\CSSP_WORKSPACE\SK0_embarcados\bdp\..\\lang\dcc\SK0_embarcados\c_toolchain_1\build\replica_2\c4b_safety_variables.o

.text           0x00000000        0x0
 .text          0x00000000        0x0 C:\CSSP\CSSP_WORKSPACE\SK0_embarcados\bdp\..\\lang\dcc\SK0_embarcados\c_toolchain_1\build\replica_2\c4b_no_checked_variables.o

.text           0x00000000        0x0
 .text          0x00000000        0x0 C:\CSSP\CSSP_WORKSPACE\SK0_embarcados\bdp\..\\lang\dcc\SK0_embarcados\c_toolchain_1\build\replica_2\c4b_constants.o

.text           0x00000000        0x0
 .text          0x00000000        0x0 C:\CSSP\CSSP_WORKSPACE\SK0_embarcados\bdp\..\\lang\dcc\SK0_embarcados\c_toolchain_1\build\non_replicated\safety_variables.o

.text           0x00000000        0x0
 .text          0x00000000        0x0 C:\CSSP\CSSP_WORKSPACE\SK0_embarcados\bdp\..\\lang\dcc\SK0_embarcados\c_toolchain_1\build\kernel_app\link_to_kernel.o
